// Jest Snapshot v1, https://goo.gl/fbAQLP

exports[` App Component should render app component 1`] = `
Array [
  <BrowserRouter>
    <Header />
    <div
      className="container"
    >
      <Routes>
        <Route
          element={<Home />}
          path="/"
        />
        <Route
          element={<NotFound />}
          path="*"
        />
        <Route
          element={<Book />}
          path="/book/:bookId"
        />
      </Routes>
    </div>
  </BrowserRouter>,
]
`;
